// Jest Snapshot v1, https://goo.gl/fbAQLP

exports[`renders consistantly[snapshot] without crashing 1`] = `
ShallowWrapper {
  "complexSelector": ComplexSelector {
    "buildPredicate": [Function],
    "childrenOfNode": [Function],
    "findWhereUnwrapped": [Function],
  },
  "length": 1,
  "node": <nav>
    <styled.div
      className="nav-wrapper"
    >
      <Styled(Link)
        to="/"
      >
        ZeTiXaR
      </Styled(Link)>
      <styled.ul />
    </styled.div>
  </nav>,
  "nodes": Array [
    <nav>
      <styled.div
        className="nav-wrapper"
      >
        <Styled(Link)
          to="/"
        >
          ZeTiXaR
        </Styled(Link)>
        <styled.ul />
      </styled.div>
    </nav>,
  ],
  "options": Object {},
  "renderer": ReactShallowRenderer {
    "_instance": ShallowComponentWrapper {
      "_calledComponentWillUnmount": false,
      "_compositeType": 0,
      "_context": Object {},
      "_currentElement": <Header
        auth={null}
        history={Object {}}
        logout={[Function]}
      />,
      "_debugID": 3,
      "_hostContainerInfo": null,
      "_hostParent": null,
      "_instance": Header {
        "_reactInternalInstance": [Circular],
        "context": Object {},
        "props": Object {
          "auth": null,
          "history": Object {},
          "logout": [Function],
        },
        "refs": Object {},
        "state": null,
        "updater": Object {
          "enqueueCallback": [Function],
          "enqueueCallbackInternal": [Function],
          "enqueueElementInternal": [Function],
          "enqueueForceUpdate": [Function],
          "enqueueReplaceState": [Function],
          "enqueueSetState": [Function],
          "isMounted": [Function],
          "validateCallback": [Function],
        },
      },
      "_mountOrder": 2,
      "_pendingCallbacks": null,
      "_pendingElement": null,
      "_pendingForceUpdate": false,
      "_pendingReplaceState": false,
      "_pendingStateQueue": null,
      "_renderedComponent": NoopInternalComponent {
        "_currentElement": <nav>
          <styled.div
            className="nav-wrapper"
          >
            <Styled(Link)
              to="/"
            >
              ZeTiXaR
            </Styled(Link)>
            <styled.ul />
          </styled.div>
        </nav>,
        "_debugID": 4,
        "_renderedOutput": <nav>
          <styled.div
            className="nav-wrapper"
          >
            <Styled(Link)
              to="/"
            >
              ZeTiXaR
            </Styled(Link)>
            <styled.ul />
          </styled.div>
        </nav>,
      },
      "_renderedNodeType": 0,
      "_rootNodeID": 0,
      "_topLevelWrapper": null,
      "_updateBatchNumber": null,
      "_warnedAboutRefsInRender": false,
    },
    "getRenderOutput": [Function],
    "render": [Function],
  },
  "root": [Circular],
  "unrendered": <Header
    auth={null}
    history={Object {}}
    logout={[Function]}
  />,
}
`;
